<html>
<body>
<pre>
<h1>µVision Build Log</h1>
<h2>Project:</h2>
E:\001_2440MDK\003_UART\uart.uvproj
Project File Date:  02/20/2018

<h2>Output:</h2>
Build target 'Target 1'
assembling S3C2440.s...
compiling uart.c...
uart.h(32): warning:  #1-D: last line of file ends without a newline
uart.h:   #endif
uart.h:         ^
uart.h: uart.c: 1 warning, 0 errors
compiling main.c...
uart.h(32): warning:  #1-D: last line of file ends without a newline
uart.h:   #endif
uart.h:         ^
uart.h: main.c: 1 warning, 0 errors
linking...
Program Size: Code=1320 RO-data=16 RW-data=0 ZI-data=1256  
"uart.axf" - 0 Error(s), 2 Warning(s).
Build target 'Target 1'
compiling uart.c...
compiling main.c...
linking...
Program Size: Code=1320 RO-data=16 RW-data=0 ZI-data=1256  
"uart.axf" - 0 Error(s), 0 Warning(s).
